mvn : WARNING: A terminally deprecated method in sun.misc.Unsafe has been called
At line:1 char:1
+ mvn clean install -DskipTests --no-transfer-progress 2>&1 | Tee-Objec ...
+ ~~~~~~~~~~~~~~~~~~~~~~~~~~~~~~~~~~~~~~~~~~~~~~~~~~~~~~~~~
    + CategoryInfo          : NotSpecified: (WARNING: A term...has been called:String) [], RemoteException
    + FullyQualifiedErrorId : NativeCommandError
 
WARNING: sun.misc.Unsafe::staticFieldBase has been called by com.google.inject.internal.aop.HiddenClassDefiner 
(file:/C:/Users/SAI%20VIKRANTH%20TEJ/Downloads/apache-maven-3.9.11/lib/guice-5.1.0-classes.jar)
WARNING: Please consider reporting this to the maintainers of class com.google.inject.internal.aop.HiddenClassDefiner
WARNING: sun.misc.Unsafe::staticFieldBase will be removed in a future release
[INFO] Scanning for projects...
[INFO] ------------------------------------------------------------------------
[INFO] Reactor Build Order:
[INFO] 
[INFO] Emergency Equipment Lending Platform ù Parent                      [pom]
[INFO] Emergency Equipment Lending ù Eureka Server                        [jar]
[INFO] Emergency Equipment Lending ù Config Server                        [jar]
[INFO] Emergency Equipment Lending ù API Gateway                          [jar]
[INFO] Emergency Equipment Lending ù Loan Service                         [jar]
[INFO] Emergency Equipment Lending ù Inventory Service                    [jar]
[INFO] 
[INFO] -----< com.emergencylending:emergency-equipment-lending-platform >------
[INFO] Building Emergency Equipment Lending Platform ù Parent 1.0.0-SNAPSHOT [1/6]
[INFO]   from pom.xml
[INFO] --------------------------------[ pom ]---------------------------------
[INFO] 
[INFO] --- clean:3.5.0:clean (default-clean) @ emergency-equipment-lending-platform ---
[INFO] 
[INFO] --- install:3.1.4:install (default-install) @ emergency-equipment-lending-platform ---
[INFO] Installing C:\Users\SAI VIKRANTH TEJ\Desktop\Microservices_Platform\pom.xml to C:\Users\SAI VIKRANTH TEJ\.m2\repository\com\emergencylending\emergency-equipment-lending-platform\1.0.0-SNAPSHOT\emergency-equipment-lending-platform-1.0.0-SNAPSHOT.pom
[INFO] 
[INFO] -----------------< com.emergencylending:eureka-server >-----------------
[INFO] Building Emergency Equipment Lending ù Eureka Server 1.0.0-SNAPSHOT [2/6]
[INFO]   from platform\eureka-server\pom.xml
[INFO] --------------------------------[ jar ]---------------------------------
[INFO] 
[INFO] --- clean:3.5.0:clean (default-clean) @ eureka-server ---
[INFO] Deleting C:\Users\SAI VIKRANTH TEJ\Desktop\Microservices_Platform\platform\eureka-server\target
[INFO] 
[INFO] --- resources:3.5.0:resources (default-resources) @ eureka-server ---
[INFO] Copying 1 resource from src\main\resources to target\classes
[INFO] Copying 0 resource from src\main\resources to target\classes
[INFO] 
[INFO] --- compiler:3.15.0:compile (default-compile) @ eureka-server ---
[INFO] Recompiling the module because of changed source code.
[INFO] Compiling 1 source file with javac [debug parameters release 25] to target\classes
[INFO] 
[INFO] --- resources:3.5.0:testResources (default-testResources) @ eureka-server ---
[INFO] skip non existing resourceDirectory C:\Users\SAI VIKRANTH TEJ\Desktop\Microservices_Platform\platform\eureka-server\src\test\resources
[INFO] 
[INFO] --- compiler:3.15.0:testCompile (default-testCompile) @ eureka-server ---
[INFO] No sources to compile
[INFO] 
[INFO] --- surefire:3.5.6:test (default-test) @ eureka-server ---
[INFO] Tests are skipped.
[INFO] 
[INFO] --- jar:3.5.0:jar (default-jar) @ eureka-server ---
[INFO] Building jar: C:\Users\SAI VIKRANTH TEJ\Desktop\Microservices_Platform\platform\eureka-server\target\eureka-server-1.0.0-SNAPSHOT.jar
[INFO] 
[INFO] --- spring-boot:4.1.0:repackage (repackage) @ eureka-server ---
[INFO] Replacing main artifact C:\Users\SAI VIKRANTH TEJ\Desktop\Microservices_Platform\platform\eureka-server\target\eureka-server-1.0.0-SNAPSHOT.jar with repackaged archive, adding nested dependencies in BOOT-INF/.
[INFO] The original artifact has been renamed to C:\Users\SAI VIKRANTH TEJ\Desktop\Microservices_Platform\platform\eureka-server\target\eureka-server-1.0.0-SNAPSHOT.jar.original
[INFO] 
[INFO] --- install:3.1.4:install (default-install) @ eureka-server ---
[INFO] Installing C:\Users\SAI VIKRANTH TEJ\Desktop\Microservices_Platform\platform\eureka-server\pom.xml to C:\Users\SAI VIKRANTH TEJ\.m2\repository\com\emergencylending\eureka-server\1.0.0-SNAPSHOT\eureka-server-1.0.0-SNAPSHOT.pom
[INFO] Installing C:\Users\SAI VIKRANTH TEJ\Desktop\Microservices_Platform\platform\eureka-server\target\eureka-server-1.0.0-SNAPSHOT.jar to C:\Users\SAI VIKRANTH TEJ\.m2\repository\com\emergencylending\eureka-server\1.0.0-SNAPSHOT\eureka-server-1.0.0-SNAPSHOT.jar
[INFO] 
[INFO] -----------------< com.emergencylending:config-server >-----------------
[INFO] Building Emergency Equipment Lending ù Config Server 1.0.0-SNAPSHOT [3/6]
[INFO]   from platform\config-server\pom.xml
[INFO] --------------------------------[ jar ]---------------------------------
[INFO] 
[INFO] --- clean:3.5.0:clean (default-clean) @ config-server ---
[INFO] Deleting C:\Users\SAI VIKRANTH TEJ\Desktop\Microservices_Platform\platform\config-server\target
[INFO] 
[INFO] --- resources:3.5.0:resources (default-resources) @ config-server ---
[INFO] Copying 1 resource from src\main\resources to target\classes
[INFO] Copying 0 resource from src\main\resources to target\classes
[INFO] 
[INFO] --- compiler:3.15.0:compile (default-compile) @ config-server ---
[INFO] Recompiling the module because of changed source code.
[INFO] Compiling 1 source file with javac [debug parameters release 25] to target\classes
[INFO] 
[INFO] --- resources:3.5.0:testResources (default-testResources) @ config-server ---
[INFO] skip non existing resourceDirectory C:\Users\SAI VIKRANTH TEJ\Desktop\Microservices_Platform\platform\config-server\src\test\resources
[INFO] 
[INFO] --- compiler:3.15.0:testCompile (default-testCompile) @ config-server ---
[INFO] No sources to compile
[INFO] 
[INFO] --- surefire:3.5.6:test (default-test) @ config-server ---
[INFO] Tests are skipped.
[INFO] 
[INFO] --- jar:3.5.0:jar (default-jar) @ config-server ---
[INFO] Building jar: C:\Users\SAI VIKRANTH TEJ\Desktop\Microservices_Platform\platform\config-server\target\config-server-1.0.0-SNAPSHOT.jar
[INFO] 
[INFO] --- spring-boot:4.1.0:repackage (repackage) @ config-server ---
[INFO] Replacing main artifact C:\Users\SAI VIKRANTH TEJ\Desktop\Microservices_Platform\platform\config-server\target\config-server-1.0.0-SNAPSHOT.jar with repackaged archive, adding nested dependencies in BOOT-INF/.
[INFO] The original artifact has been renamed to C:\Users\SAI VIKRANTH TEJ\Desktop\Microservices_Platform\platform\config-server\target\config-server-1.0.0-SNAPSHOT.jar.original
[INFO] 
[INFO] --- install:3.1.4:install (default-install) @ config-server ---
[INFO] Installing C:\Users\SAI VIKRANTH TEJ\Desktop\Microservices_Platform\platform\config-server\pom.xml to C:\Users\SAI VIKRANTH TEJ\.m2\repository\com\emergencylending\config-server\1.0.0-SNAPSHOT\config-server-1.0.0-SNAPSHOT.pom
[INFO] Installing C:\Users\SAI VIKRANTH TEJ\Desktop\Microservices_Platform\platform\config-server\target\config-server-1.0.0-SNAPSHOT.jar to C:\Users\SAI VIKRANTH TEJ\.m2\repository\com\emergencylending\config-server\1.0.0-SNAPSHOT\config-server-1.0.0-SNAPSHOT.jar
[INFO] 
[INFO] ------------------< com.emergencylending:api-gateway >------------------
[INFO] Building Emergency Equipment Lending ù API Gateway 1.0.0-SNAPSHOT  [4/6]
[INFO]   from platform\api-gateway\pom.xml
[INFO] --------------------------------[ jar ]---------------------------------
[INFO] 
[INFO] --- clean:3.5.0:clean (default-clean) @ api-gateway ---
[INFO] Deleting C:\Users\SAI VIKRANTH TEJ\Desktop\Microservices_Platform\platform\api-gateway\target
[INFO] 
[INFO] --- resources:3.5.0:resources (default-resources) @ api-gateway ---
[INFO] Copying 1 resource from src\main\resources to target\classes
[INFO] Copying 0 resource from src\main\resources to target\classes
[INFO] 
[INFO] --- compiler:3.15.0:compile (default-compile) @ api-gateway ---
[INFO] Recompiling the module because of changed source code.
[INFO] Compiling 8 source files with javac [debug parameters release 25] to target\classes
[INFO] 
[INFO] --- resources:3.5.0:testResources (default-testResources) @ api-gateway ---
[INFO] skip non existing resourceDirectory C:\Users\SAI VIKRANTH TEJ\Desktop\Microservices_Platform\platform\api-gateway\src\test\resources
[INFO] 
[INFO] --- compiler:3.15.0:testCompile (default-testCompile) @ api-gateway ---
[INFO] No sources to compile
[INFO] 
[INFO] --- surefire:3.5.6:test (default-test) @ api-gateway ---
[INFO] Tests are skipped.
[INFO] 
[INFO] --- jar:3.5.0:jar (default-jar) @ api-gateway ---
[INFO] Building jar: C:\Users\SAI VIKRANTH TEJ\Desktop\Microservices_Platform\platform\api-gateway\target\api-gateway-1.0.0-SNAPSHOT.jar
[INFO] 
[INFO] --- spring-boot:4.1.0:repackage (repackage) @ api-gateway ---
[INFO] Replacing main artifact C:\Users\SAI VIKRANTH TEJ\Desktop\Microservices_Platform\platform\api-gateway\target\api-gateway-1.0.0-SNAPSHOT.jar with repackaged archive, adding nested dependencies in BOOT-INF/.
[INFO] The original artifact has been renamed to C:\Users\SAI VIKRANTH TEJ\Desktop\Microservices_Platform\platform\api-gateway\target\api-gateway-1.0.0-SNAPSHOT.jar.original
[INFO] 
[INFO] --- install:3.1.4:install (default-install) @ api-gateway ---
[INFO] Installing C:\Users\SAI VIKRANTH TEJ\Desktop\Microservices_Platform\platform\api-gateway\pom.xml to C:\Users\SAI VIKRANTH TEJ\.m2\repository\com\emergencylending\api-gateway\1.0.0-SNAPSHOT\api-gateway-1.0.0-SNAPSHOT.pom
[INFO] Installing C:\Users\SAI VIKRANTH TEJ\Desktop\Microservices_Platform\platform\api-gateway\target\api-gateway-1.0.0-SNAPSHOT.jar to C:\Users\SAI VIKRANTH TEJ\.m2\repository\com\emergencylending\api-gateway\1.0.0-SNAPSHOT\api-gateway-1.0.0-SNAPSHOT.jar
[INFO] 
[INFO] -----------------< com.emergencylending:loan-service >------------------
[INFO] Building Emergency Equipment Lending ù Loan Service 1.0.0-SNAPSHOT [5/6]
[INFO]   from services\loan-service\pom.xml
[INFO] --------------------------------[ jar ]---------------------------------
[INFO] 
[INFO] --- clean:3.5.0:clean (default-clean) @ loan-service ---
[INFO] Deleting C:\Users\SAI VIKRANTH TEJ\Desktop\Microservices_Platform\services\loan-service\target
[INFO] 
[INFO] --- resources:3.5.0:resources (default-resources) @ loan-service ---
[INFO] Copying 1 resource from src\main\resources to target\classes
[INFO] Copying 0 resource from src\main\resources to target\classes
[INFO] 
[INFO] --- compiler:3.15.0:compile (default-compile) @ loan-service ---
[INFO] Recompiling the module because of changed source code.
[INFO] Compiling 15 source files with javac [debug parameters release 25] to target\classes
[WARNING] /C:/Users/SAI VIKRANTH TEJ/Desktop/Microservices_Platform/services/loan-service/src/main/java/com/emergencylending/loan/config/RabbitMqConfig.java:[21,12] org.springframework.amqp.support.converter.Jackson2JsonMessageConverter in org.springframework.amqp.support.converter has been deprecated and marked for removal
[WARNING] /C:/Users/SAI VIKRANTH TEJ/Desktop/Microservices_Platform/services/loan-service/src/main/java/com/emergencylending/loan/config/RabbitMqConfig.java:[21,12] org.springframework.amqp.support.converter.Jackson2JsonMessageConverter in org.springframework.amqp.support.converter has been deprecated and marked for removal
[WARNING] /C:/Users/SAI VIKRANTH TEJ/Desktop/Microservices_Platform/services/loan-service/src/main/java/com/emergencylending/loan/config/RabbitMqConfig.java:[21,12] org.springframework.amqp.support.converter.Jackson2JsonMessageConverter in org.springframework.amqp.support.converter has been deprecated and marked for removal
[WARNING] /C:/Users/SAI VIKRANTH TEJ/Desktop/Microservices_Platform/services/loan-service/src/main/java/com/emergencylending/loan/config/RabbitMqConfig.java:[21,12] org.springframework.amqp.support.converter.Jackson2JsonMessageConverter in org.springframework.amqp.support.converter has been deprecated and marked for removal
[WARNING] /C:/Users/SAI VIKRANTH TEJ/Desktop/Microservices_Platform/services/loan-service/src/main/java/com/emergencylending/loan/config/RabbitMqConfig.java:[21,12] org.springframework.amqp.support.converter.Jackson2JsonMessageConverter in org.springframework.amqp.support.converter has been deprecated and marked for removal
[WARNING] /C:/Users/SAI VIKRANTH TEJ/Desktop/Microservices_Platform/services/loan-service/src/main/java/com/emergencylending/loan/config/RabbitMqConfig.java:[22,20] org.springframework.amqp.support.converter.Jackson2JsonMessageConverter in org.springframework.amqp.support.converter has been deprecated and marked for removal
[WARNING] /C:/Users/SAI VIKRANTH TEJ/Desktop/Microservices_Platform/services/loan-service/src/main/java/com/emergencylending/loan/config/RabbitMqConfig.java:[32,42] org.springframework.amqp.support.converter.Jackson2JsonMessageConverter in org.springframework.amqp.support.converter has been deprecated and marked for removal
[WARNING] /C:/Users/SAI VIKRANTH TEJ/Desktop/Microservices_Platform/services/loan-service/src/main/java/com/emergencylending/loan/config/RabbitMqConfig.java:[32,42] org.springframework.amqp.support.converter.Jackson2JsonMessageConverter in org.springframework.amqp.support.converter has been deprecated and marked for removal
[WARNING] /C:/Users/SAI VIKRANTH TEJ/Desktop/Microservices_Platform/services/loan-service/src/main/java/com/emergencylending/loan/config/RabbitMqConfig.java:[32,42] org.springframework.amqp.support.converter.Jackson2JsonMessageConverter in org.springframework.amqp.support.converter has been deprecated and marked for removal
[WARNING] /C:/Users/SAI VIKRANTH TEJ/Desktop/Microservices_Platform/services/loan-service/src/main/java/com/emergencylending/loan/config/RabbitMqConfig.java:[32,42] org.springframework.amqp.support.converter.Jackson2JsonMessageConverter in org.springframework.amqp.support.converter has been deprecated and marked for removal
[WARNING] /C:/Users/SAI VIKRANTH TEJ/Desktop/Microservices_Platform/services/loan-service/src/main/java/com/emergencylending/loan/config/RabbitMqConfig.java:[32,42] org.springframework.amqp.support.converter.Jackson2JsonMessageConverter in org.springframework.amqp.support.converter has been deprecated and marked for removal
[INFO] 
[INFO] --- resources:3.5.0:testResources (default-testResources) @ loan-service ---
[INFO] skip non existing resourceDirectory C:\Users\SAI VIKRANTH TEJ\Desktop\Microservices_Platform\services\loan-service\src\test\resources
[INFO] 
[INFO] --- compiler:3.15.0:testCompile (default-testCompile) @ loan-service ---
[INFO] No sources to compile
[INFO] 
[INFO] --- surefire:3.5.6:test (default-test) @ loan-service ---
[INFO] Tests are skipped.
[INFO] 
[INFO] --- jar:3.5.0:jar (default-jar) @ loan-service ---
[INFO] Building jar: C:\Users\SAI VIKRANTH TEJ\Desktop\Microservices_Platform\services\loan-service\target\loan-service-1.0.0-SNAPSHOT.jar
[INFO] 
[INFO] --- spring-boot:4.1.0:repackage (repackage) @ loan-service ---
[INFO] Replacing main artifact C:\Users\SAI VIKRANTH TEJ\Desktop\Microservices_Platform\services\loan-service\target\loan-service-1.0.0-SNAPSHOT.jar with repackaged archive, adding nested dependencies in BOOT-INF/.
[INFO] The original artifact has been renamed to C:\Users\SAI VIKRANTH TEJ\Desktop\Microservices_Platform\services\loan-service\target\loan-service-1.0.0-SNAPSHOT.jar.original
[INFO] 
[INFO] --- install:3.1.4:install (default-install) @ loan-service ---
[INFO] Installing C:\Users\SAI VIKRANTH TEJ\Desktop\Microservices_Platform\services\loan-service\pom.xml to C:\Users\SAI VIKRANTH TEJ\.m2\repository\com\emergencylending\loan-service\1.0.0-SNAPSHOT\loan-service-1.0.0-SNAPSHOT.pom
[INFO] Installing C:\Users\SAI VIKRANTH TEJ\Desktop\Microservices_Platform\services\loan-service\target\loan-service-1.0.0-SNAPSHOT.jar to C:\Users\SAI VIKRANTH TEJ\.m2\repository\com\emergencylending\loan-service\1.0.0-SNAPSHOT\loan-service-1.0.0-SNAPSHOT.jar
[INFO] 
[INFO] ---------------< com.emergencylending:inventory-service >---------------
[INFO] Building Emergency Equipment Lending ù Inventory Service 1.0.0-SNAPSHOT [6/6]
[INFO]   from services\inventory-service\pom.xml
[INFO] --------------------------------[ jar ]---------------------------------
[INFO] 
[INFO] --- clean:3.5.0:clean (default-clean) @ inventory-service ---
[INFO] Deleting C:\Users\SAI VIKRANTH TEJ\Desktop\Microservices_Platform\services\inventory-service\target
[INFO] 
[INFO] --- resources:3.5.0:resources (default-resources) @ inventory-service ---
[INFO] Copying 1 resource from src\main\resources to target\classes
[INFO] Copying 0 resource from src\main\resources to target\classes
[INFO] 
[INFO] --- compiler:3.15.0:compile (default-compile) @ inventory-service ---
[INFO] Recompiling the module because of changed source code.
[INFO] Compiling 13 source files with javac [debug parameters release 25] to target\classes
[WARNING] /C:/Users/SAI VIKRANTH TEJ/Desktop/Microservices_Platform/services/inventory-service/src/main/java/com/emergencylending/inventory/config/RabbitMqConfig.java:[51,12] org.springframework.amqp.support.converter.Jackson2JsonMessageConverter in org.springframework.amqp.support.converter has been deprecated and marked for removal
[WARNING] /C:/Users/SAI VIKRANTH TEJ/Desktop/Microservices_Platform/services/inventory-service/src/main/java/com/emergencylending/inventory/config/RabbitMqConfig.java:[51,12] org.springframework.amqp.support.converter.Jackson2JsonMessageConverter in org.springframework.amqp.support.converter has been deprecated and marked for removal
[WARNING] /C:/Users/SAI VIKRANTH TEJ/Desktop/Microservices_Platform/services/inventory-service/src/main/java/com/emergencylending/inventory/config/RabbitMqConfig.java:[51,12] org.springframework.amqp.support.converter.Jackson2JsonMessageConverter in org.springframework.amqp.support.converter has been deprecated and marked for removal
[WARNING] /C:/Users/SAI VIKRANTH TEJ/Desktop/Microservices_Platform/services/inventory-service/src/main/java/com/emergencylending/inventory/config/RabbitMqConfig.java:[51,12] org.springframework.amqp.support.converter.Jackson2JsonMessageConverter in org.springframework.amqp.support.converter has been deprecated and marked for removal
[WARNING] /C:/Users/SAI VIKRANTH TEJ/Desktop/Microservices_Platform/services/inventory-service/src/main/java/com/emergencylending/inventory/config/RabbitMqConfig.java:[51,12] org.springframework.amqp.support.converter.Jackson2JsonMessageConverter in org.springframework.amqp.support.converter has been deprecated and marked for removal
[WARNING] /C:/Users/SAI VIKRANTH TEJ/Desktop/Microservices_Platform/services/inventory-service/src/main/java/com/emergencylending/inventory/config/RabbitMqConfig.java:[52,20] org.springframework.amqp.support.converter.Jackson2JsonMessageConverter in org.springframework.amqp.support.converter has been deprecated and marked for removal
[WARNING] /C:/Users/SAI VIKRANTH TEJ/Desktop/Microservices_Platform/services/inventory-service/src/main/java/com/emergencylending/inventory/config/RabbitMqConfig.java:[58,13] org.springframework.amqp.support.converter.Jackson2JsonMessageConverter in org.springframework.amqp.support.converter has been deprecated and marked for removal
[WARNING] /C:/Users/SAI VIKRANTH TEJ/Desktop/Microservices_Platform/services/inventory-service/src/main/java/com/emergencylending/inventory/config/RabbitMqConfig.java:[58,13] org.springframework.amqp.support.converter.Jackson2JsonMessageConverter in org.springframework.amqp.support.converter has been deprecated and marked for removal
[WARNING] /C:/Users/SAI VIKRANTH TEJ/Desktop/Microservices_Platform/services/inventory-service/src/main/java/com/emergencylending/inventory/config/RabbitMqConfig.java:[58,13] org.springframework.amqp.support.converter.Jackson2JsonMessageConverter in org.springframework.amqp.support.converter has been deprecated and marked for removal
[WARNING] /C:/Users/SAI VIKRANTH TEJ/Desktop/Microservices_Platform/services/inventory-service/src/main/java/com/emergencylending/inventory/config/RabbitMqConfig.java:[58,13] org.springframework.amqp.support.converter.Jackson2JsonMessageConverter in org.springframework.amqp.support.converter has been deprecated and marked for removal
[WARNING] /C:/Users/SAI VIKRANTH TEJ/Desktop/Microservices_Platform/services/inventory-service/src/main/java/com/emergencylending/inventory/config/RabbitMqConfig.java:[58,13] org.springframework.amqp.support.converter.Jackson2JsonMessageConverter in org.springframework.amqp.support.converter has been deprecated and marked for removal
[INFO] 
[INFO] --- resources:3.5.0:testResources (default-testResources) @ inventory-service ---
[INFO] skip non existing resourceDirectory C:\Users\SAI VIKRANTH TEJ\Desktop\Microservices_Platform\services\inventory-service\src\test\resources
[INFO] 
[INFO] --- compiler:3.15.0:testCompile (default-testCompile) @ inventory-service ---
[INFO] No sources to compile
[INFO] 
[INFO] --- surefire:3.5.6:test (default-test) @ inventory-service ---
[INFO] Tests are skipped.
[INFO] 
[INFO] --- jar:3.5.0:jar (default-jar) @ inventory-service ---
[INFO] Building jar: C:\Users\SAI VIKRANTH TEJ\Desktop\Microservices_Platform\services\inventory-service\target\inventory-service-1.0.0-SNAPSHOT.jar
[INFO] 
[INFO] --- spring-boot:4.1.0:repackage (repackage) @ inventory-service ---
[INFO] Replacing main artifact C:\Users\SAI VIKRANTH TEJ\Desktop\Microservices_Platform\services\inventory-service\target\inventory-service-1.0.0-SNAPSHOT.jar with repackaged archive, adding nested dependencies in BOOT-INF/.
[INFO] The original artifact has been renamed to C:\Users\SAI VIKRANTH TEJ\Desktop\Microservices_Platform\services\inventory-service\target\inventory-service-1.0.0-SNAPSHOT.jar.original
[INFO] 
[INFO] --- install:3.1.4:install (default-install) @ inventory-service ---
[INFO] Installing C:\Users\SAI VIKRANTH TEJ\Desktop\Microservices_Platform\services\inventory-service\pom.xml to C:\Users\SAI VIKRANTH TEJ\.m2\repository\com\emergencylending\inventory-service\1.0.0-SNAPSHOT\inventory-service-1.0.0-SNAPSHOT.pom
[INFO] Installing C:\Users\SAI VIKRANTH TEJ\Desktop\Microservices_Platform\services\inventory-service\target\inventory-service-1.0.0-SNAPSHOT.jar to C:\Users\SAI VIKRANTH TEJ\.m2\repository\com\emergencylending\inventory-service\1.0.0-SNAPSHOT\inventory-service-1.0.0-SNAPSHOT.jar
[INFO] ------------------------------------------------------------------------
[INFO] Reactor Summary for Emergency Equipment Lending Platform ù Parent 1.0.0-SNAPSHOT:
[INFO] 
[INFO] Emergency Equipment Lending Platform ù Parent ...... SUCCESS [  0.544 s]
[INFO] Emergency Equipment Lending ù Eureka Server ........ SUCCESS [ 10.187 s]
[INFO] Emergency Equipment Lending ù Config Server ........ SUCCESS [  4.630 s]
[INFO] Emergency Equipment Lending ù API Gateway .......... SUCCESS [ 13.566 s]
[INFO] Emergency Equipment Lending ù Loan Service ......... SUCCESS [ 24.756 s]
[INFO] Emergency Equipment Lending ù Inventory Service .... SUCCESS [ 15.035 s]
[INFO] ------------------------------------------------------------------------
[INFO] BUILD SUCCESS
[INFO] ------------------------------------------------------------------------
[INFO] Total time:  01:09 min
[INFO] Finished at: 2026-07-19T17:09:32+05:30
[INFO] ------------------------------------------------------------------------
